shawnwaldow@shawnwaldow-K53E:~$ sudo apt-get install python3.4-venv
[sudo] password for shawnwaldow: 
Reading package lists... Done
Building dependency tree       
Reading state information... Done
The following NEW packages will be installed:
  python3.4-venv
0 upgraded, 1 newly installed, 0 to remove and 22 not upgraded.
Need to get 6,018 B of archives.
After this operation, 57.3 kB of additional disk space will be used.
Get:1 http://us.archive.ubuntu.com/ubuntu/ trusty-updates/main python3.4-venv amd64 3.4.3-1ubuntu1~14.04.3 [6,018 B]
Fetched 6,018 B in 0s (25.4 kB/s)   
Selecting previously unselected package python3.4-venv.
(Reading database ... 288736 files and directories currently installed.)
Preparing to unpack .../python3.4-venv_3.4.3-1ubuntu1~14.04.3_amd64.deb ...
Unpacking python3.4-venv (3.4.3-1ubuntu1~14.04.3) ...
Processing triggers for man-db (2.6.7.1-1ubuntu1) ...
Setting up python3.4-venv (3.4.3-1ubuntu1~14.04.3) ...
shawnwaldow@shawnwaldow-K53E:~$ python3 -m venv test
shawnwaldow@shawnwaldow-K53E:~$ which venv
shawnwaldow@shawnwaldow-K53E:~$ cd Documents/CodeSchool/Week1
shawnwaldow@shawnwaldow-K53E:~/Documents/CodeSchool/Week1$ ls
angry_dice   dice_changeable.py  hangperson.py   index.html  mud.py            phonebook.txt                               recursive_search.py  tiffanys_insertion_sort.py
animate.py   die.py              Hanoi.py        javapic     oo_link_list.py   Pi - 10 Million Digits pi.Karmona.com.html  screen_printer.py    tobeornottobe.py
aranya_game  django              hello_world.py  madlib.py   oo_mud            practice.py                                 searches.py
beat.py      fib-schorcher.py    herbs.py        monster     oop_phonebook.py  price_list                                  sortededed.py
casino       forum               HTML_Practice   morse_code  phonebook.py      __pycache__                                 sort.py
shawnwaldow@shawnwaldow-K53E:~/Documents/CodeSchool/Week1$ cd Django
bash: cd: Django: No such file or directory
shawnwaldow@shawnwaldow-K53E:~/Documents/CodeSchool/Week1$ cd django
shawnwaldow@shawnwaldow-K53E:~/Documents/CodeSchool/Week1/django$ git status
On branch django
Untracked files:
  (use "git add <file>..." to include in what will be committed)

	./

nothing added to commit but untracked files present (use "git add" to track)
shawnwaldow@shawnwaldow-K53E:~/Documents/CodeSchool/Week1/django$ python3 -m venv poll_site
shawnwaldow@shawnwaldow-K53E:~/Documents/CodeSchool/Week1/django$ ls
poll_site
shawnwaldow@shawnwaldow-K53E:~/Documents/CodeSchool/Week1/django$ source poll_site/bin/activate
(poll_site) shawnwaldow@shawnwaldow-K53E:~/Documents/CodeSchool/Week1/django$ pip3 install django==1.9
Downloading/unpacking django==1.9
  Downloading Django-1.9-py2.py3-none-any.whl (6.6MB): 6.6MB downloaded
Installing collected packages: django
*** Error compiling '/home/shawnwaldow/Documents/CodeSchool/Week1/django/poll_site/build/django/django/conf/app_template/apps.py'...
  File "/home/shawnwaldow/Documents/CodeSchool/Week1/django/poll_site/build/django/django/conf/app_template/apps.py", line 4
    class {{ camel_case_app_name }}Config(AppConfig):
          ^
SyntaxError: invalid syntax

*** Error compiling '/home/shawnwaldow/Documents/CodeSchool/Week1/django/poll_site/build/django/django/conf/app_template/models.py'...
  File "/home/shawnwaldow/Documents/CodeSchool/Week1/django/poll_site/build/django/django/conf/app_template/models.py", line 1
    {{ unicode_literals }}from django.db import models
                             ^
SyntaxError: invalid syntax



LATER THE NEXT DAY....

 create mode 100644 django/poll_site/lib/python3.4/site-packages/django/template/defaulttags.py
 create mode 100644 django/poll_site/lib/python3.4/site-packages/django/template/engine.py
 create mode 100644 django/poll_site/lib/python3.4/site-packages/django/template/exceptions.py
 create mode 100644 django/poll_site/lib/python3.4/site-packages/django/template/library.py
 create mode 100644 django/poll_site/lib/python3.4/site-packages/django/template/loader.py
 create mode 100644 django/poll_site/lib/python3.4/site-packages/django/template/loader_tags.py
 create mode 100644 django/poll_site/lib/python3.4/site-packages/django/template/loaders/__init__.py
 create mode 100644 django/poll_site/lib/python3.4/site-packages/django/template/loaders/app_directories.py
 create mode 100644 django/poll_site/lib/python3.4/site-packages/django/template/loaders/base.py
 create mode 100644 django/poll_site/lib/python3.4/site-packages/django/template/loaders/cached.py
 create mode 100644 django/poll_site/lib/python3.4/site-packages/django/template/loaders/eggs.py
 create mode 100644 django/poll_site/lib/python3.4/site-packages/django/template/loaders/filesystem.py
 create mode 100644 django/poll_site/lib/python3.4/site-packages/django/template/loaders/locmem.py
 create mode 100644 django/poll_site/lib/python3.4/site-packages/django/template/response.py
 create mode 100644 django/poll_site/lib/python3.4/site-packages/django/template/smartif.py
 create mode 100644 django/poll_site/lib/python3.4/site-packages/django/template/utils.py
 create mode 100644 django/poll_site/lib/python3.4/site-packages/django/templatetags/__init__.py
 create mode 100644 django/poll_site/lib/python3.4/site-packages/django/templatetags/cache.py
 create mode 100644 django/poll_site/lib/python3.4/site-packages/django/templatetags/future.py
 create mode 100644 django/poll_site/lib/python3.4/site-packages/django/templatetags/i18n.py
 create mode 100644 django/poll_site/lib/python3.4/site-packages/django/templatetags/l10n.py
 create mode 100644 django/poll_site/lib/python3.4/site-packages/django/templatetags/static.py
 create mode 100644 django/poll_site/lib/python3.4/site-packages/django/templatetags/tz.py
 create mode 100644 django/poll_site/lib/python3.4/site-packages/django/test/__init__.py
 create mode 100644 django/poll_site/lib/python3.4/site-packages/django/test/client.py
 create mode 100644 django/poll_site/lib/python3.4/site-packages/django/test/html.py
 create mode 100644 django/poll_site/lib/python3.4/site-packages/django/test/runner.py
 create mode 100644 django/poll_site/lib/python3.4/site-packages/django/test/signals.py
 create mode 100644 django/poll_site/lib/python3.4/site-packages/django/test/testcases.py
 create mode 100644 django/poll_site/lib/python3.4/site-packages/django/test/utils.py
 create mode 100644 django/poll_site/lib/python3.4/site-packages/django/utils/__init__.py
 create mode 100644 django/poll_site/lib/python3.4/site-packages/django/utils/_os.py
 create mode 100644 django/poll_site/lib/python3.4/site-packages/django/utils/archive.py
 create mode 100644 django/poll_site/lib/python3.4/site-packages/django/utils/autoreload.py
 create mode 100644 django/poll_site/lib/python3.4/site-packages/django/utils/baseconv.py
 create mode 100644 django/poll_site/lib/python3.4/site-packages/django/utils/cache.py
 create mode 100644 django/poll_site/lib/python3.4/site-packages/django/utils/checksums.py
 create mode 100644 django/poll_site/lib/python3.4/site-packages/django/utils/crypto.py
 create mode 100644 django/poll_site/lib/python3.4/site-packages/django/utils/datastructures.py
 create mode 100644 django/poll_site/lib/python3.4/site-packages/django/utils/dateformat.py
 create mode 100644 django/poll_site/lib/python3.4/site-packages/django/utils/dateparse.py
 create mode 100644 django/poll_site/lib/python3.4/site-packages/django/utils/dates.py
 create mode 100644 django/poll_site/lib/python3.4/site-packages/django/utils/datetime_safe.py
 create mode 100644 django/poll_site/lib/python3.4/site-packages/django/utils/deconstruct.py
 create mode 100644 django/poll_site/lib/python3.4/site-packages/django/utils/decorators.py
 create mode 100644 django/poll_site/lib/python3.4/site-packages/django/utils/deprecation.py
 create mode 100644 django/poll_site/lib/python3.4/site-packages/django/utils/duration.py
 create mode 100644 django/poll_site/lib/python3.4/site-packages/django/utils/encoding.py
 create mode 100644 django/poll_site/lib/python3.4/site-packages/django/utils/feedgenerator.py
 create mode 100644 django/poll_site/lib/python3.4/site-packages/django/utils/formats.py
 create mode 100644 django/poll_site/lib/python3.4/site-packages/django/utils/functional.py
 create mode 100644 django/poll_site/lib/python3.4/site-packages/django/utils/glob.py
 create mode 100644 django/poll_site/lib/python3.4/site-packages/django/utils/html.py
 create mode 100644 django/poll_site/lib/python3.4/site-packages/django/utils/html_parser.py
 create mode 100644 django/poll_site/lib/python3.4/site-packages/django/utils/http.py
 create mode 100644 django/poll_site/lib/python3.4/site-packages/django/utils/inspect.py
 create mode 100644 django/poll_site/lib/python3.4/site-packages/django/utils/ipv6.py
 create mode 100644 django/poll_site/lib/python3.4/site-packages/django/utils/itercompat.py
 create mode 100644 django/poll_site/lib/python3.4/site-packages/django/utils/jslex.py
 create mode 100644 django/poll_site/lib/python3.4/site-packages/django/utils/log.py
 create mode 100644 django/poll_site/lib/python3.4/site-packages/django/utils/lorem_ipsum.py
 create mode 100644 django/poll_site/lib/python3.4/site-packages/django/utils/lru_cache.py
 create mode 100644 django/poll_site/lib/python3.4/site-packages/django/utils/module_loading.py
 create mode 100644 django/poll_site/lib/python3.4/site-packages/django/utils/numberformat.py
 create mode 100644 django/poll_site/lib/python3.4/site-packages/django/utils/regex_helper.py
 create mode 100644 django/poll_site/lib/python3.4/site-packages/django/utils/safestring.py
 create mode 100644 django/poll_site/lib/python3.4/site-packages/django/utils/six.py
 create mode 100644 django/poll_site/lib/python3.4/site-packages/django/utils/synch.py
 create mode 100644 django/poll_site/lib/python3.4/site-packages/django/utils/termcolors.py
 create mode 100644 django/poll_site/lib/python3.4/site-packages/django/utils/text.py
 create mode 100644 django/poll_site/lib/python3.4/site-packages/django/utils/timesince.py
 create mode 100644 django/poll_site/lib/python3.4/site-packages/django/utils/timezone.py
 create mode 100644 django/poll_site/lib/python3.4/site-packages/django/utils/translation/__init__.py
 create mode 100644 django/poll_site/lib/python3.4/site-packages/django/utils/translation/trans_null.py
 create mode 100644 django/poll_site/lib/python3.4/site-packages/django/utils/translation/trans_real.py
 create mode 100644 django/poll_site/lib/python3.4/site-packages/django/utils/tree.py
 create mode 100644 django/poll_site/lib/python3.4/site-packages/django/utils/version.py
 create mode 100644 django/poll_site/lib/python3.4/site-packages/django/utils/xmlutils.py
 create mode 100644 django/poll_site/lib/python3.4/site-packages/django/views/__init__.py
 create mode 100644 django/poll_site/lib/python3.4/site-packages/django/views/csrf.py
 create mode 100644 django/poll_site/lib/python3.4/site-packages/django/views/debug.py
 create mode 100644 django/poll_site/lib/python3.4/site-packages/django/views/decorators/__init__.py
 create mode 100644 django/poll_site/lib/python3.4/site-packages/django/views/decorators/cache.py
 create mode 100644 django/poll_site/lib/python3.4/site-packages/django/views/decorators/clickjacking.py
 create mode 100644 django/poll_site/lib/python3.4/site-packages/django/views/decorators/csrf.py
 create mode 100644 django/poll_site/lib/python3.4/site-packages/django/views/decorators/debug.py
 create mode 100644 django/poll_site/lib/python3.4/site-packages/django/views/decorators/gzip.py
 create mode 100644 django/poll_site/lib/python3.4/site-packages/django/views/decorators/http.py
 create mode 100644 django/poll_site/lib/python3.4/site-packages/django/views/decorators/vary.py
 create mode 100644 django/poll_site/lib/python3.4/site-packages/django/views/defaults.py
 create mode 100644 django/poll_site/lib/python3.4/site-packages/django/views/generic/__init__.py
 create mode 100644 django/poll_site/lib/python3.4/site-packages/django/views/generic/base.py
 create mode 100644 django/poll_site/lib/python3.4/site-packages/django/views/generic/dates.py
 create mode 100644 django/poll_site/lib/python3.4/site-packages/django/views/generic/detail.py
 create mode 100644 django/poll_site/lib/python3.4/site-packages/django/views/generic/edit.py
 create mode 100644 django/poll_site/lib/python3.4/site-packages/django/views/generic/list.py
 create mode 100644 django/poll_site/lib/python3.4/site-packages/django/views/i18n.py
 create mode 100644 django/poll_site/lib/python3.4/site-packages/django/views/static.py
 create mode 100644 django/poll_site/lib/python3.4/site-packages/easy_install.py
 create mode 100644 django/poll_site/lib/python3.4/site-packages/pip-1.5.4.dist-info/DESCRIPTION.rst
 create mode 100644 django/poll_site/lib/python3.4/site-packages/pip-1.5.4.dist-info/METADATA
 create mode 100644 django/poll_site/lib/python3.4/site-packages/pip-1.5.4.dist-info/RECORD
 create mode 100644 django/poll_site/lib/python3.4/site-packages/pip-1.5.4.dist-info/WHEEL
 create mode 100644 django/poll_site/lib/python3.4/site-packages/pip-1.5.4.dist-info/entry_points.txt
 create mode 100644 django/poll_site/lib/python3.4/site-packages/pip-1.5.4.dist-info/metadata.json
 create mode 100644 django/poll_site/lib/python3.4/site-packages/pip-1.5.4.dist-info/top_level.txt
 create mode 100644 django/poll_site/lib/python3.4/site-packages/pip/__init__.py
 create mode 100644 django/poll_site/lib/python3.4/site-packages/pip/__main__.py
 create mode 100644 django/poll_site/lib/python3.4/site-packages/pip/backwardcompat/__init__.py
 create mode 100644 django/poll_site/lib/python3.4/site-packages/pip/basecommand.py
 create mode 100644 django/poll_site/lib/python3.4/site-packages/pip/baseparser.py
 create mode 100644 django/poll_site/lib/python3.4/site-packages/pip/cmdoptions.py
 create mode 100644 django/poll_site/lib/python3.4/site-packages/pip/commands/__init__.py
 create mode 100644 django/poll_site/lib/python3.4/site-packages/pip/commands/bundle.py
 create mode 100644 django/poll_site/lib/python3.4/site-packages/pip/commands/completion.py
 create mode 100644 django/poll_site/lib/python3.4/site-packages/pip/commands/freeze.py
 create mode 100644 django/poll_site/lib/python3.4/site-packages/pip/commands/help.py
 create mode 100644 django/poll_site/lib/python3.4/site-packages/pip/commands/install.py
 create mode 100644 django/poll_site/lib/python3.4/site-packages/pip/commands/list.py
 create mode 100644 django/poll_site/lib/python3.4/site-packages/pip/commands/search.py
 create mode 100644 django/poll_site/lib/python3.4/site-packages/pip/commands/show.py
 create mode 100644 django/poll_site/lib/python3.4/site-packages/pip/commands/uninstall.py
 create mode 100644 django/poll_site/lib/python3.4/site-packages/pip/commands/unzip.py
 create mode 100644 django/poll_site/lib/python3.4/site-packages/pip/commands/wheel.py
 create mode 100644 django/poll_site/lib/python3.4/site-packages/pip/commands/zip.py
 create mode 100644 django/poll_site/lib/python3.4/site-packages/pip/download.py
 create mode 100644 django/poll_site/lib/python3.4/site-packages/pip/exceptions.py
 create mode 100644 django/poll_site/lib/python3.4/site-packages/pip/index.py
 create mode 100644 django/poll_site/lib/python3.4/site-packages/pip/locations.py
 create mode 100644 django/poll_site/lib/python3.4/site-packages/pip/log.py
 create mode 100644 django/poll_site/lib/python3.4/site-packages/pip/pep425tags.py
 create mode 100644 django/poll_site/lib/python3.4/site-packages/pip/req.py
 create mode 100644 django/poll_site/lib/python3.4/site-packages/pip/runner.py
 create mode 100644 django/poll_site/lib/python3.4/site-packages/pip/status_codes.py
 create mode 100644 django/poll_site/lib/python3.4/site-packages/pip/util.py
 create mode 100644 django/poll_site/lib/python3.4/site-packages/pip/vcs/__init__.py
 create mode 100644 django/poll_site/lib/python3.4/site-packages/pip/vcs/bazaar.py
 create mode 100644 django/poll_site/lib/python3.4/site-packages/pip/vcs/git.py
 create mode 100644 django/poll_site/lib/python3.4/site-packages/pip/vcs/mercurial.py
 create mode 100644 django/poll_site/lib/python3.4/site-packages/pip/vcs/subversion.py
 create mode 100644 django/poll_site/lib/python3.4/site-packages/pip/wheel.py
 create mode 100644 django/poll_site/lib/python3.4/site-packages/pkg_resources.py
 create mode 100644 django/poll_site/lib/python3.4/site-packages/setuptools-3.3.dist-info/DESCRIPTION.rst
 create mode 100644 django/poll_site/lib/python3.4/site-packages/setuptools-3.3.dist-info/METADATA
 create mode 100644 django/poll_site/lib/python3.4/site-packages/setuptools-3.3.dist-info/RECORD
 create mode 100644 django/poll_site/lib/python3.4/site-packages/setuptools-3.3.dist-info/WHEEL
 create mode 100644 django/poll_site/lib/python3.4/site-packages/setuptools-3.3.dist-info/dependency_links.txt
 create mode 100644 django/poll_site/lib/python3.4/site-packages/setuptools-3.3.dist-info/entry_points.txt
 create mode 100644 django/poll_site/lib/python3.4/site-packages/setuptools-3.3.dist-info/metadata.json
 create mode 100644 django/poll_site/lib/python3.4/site-packages/setuptools-3.3.dist-info/top_level.txt
 create mode 100644 django/poll_site/lib/python3.4/site-packages/setuptools-3.3.dist-info/zip-safe
 create mode 100644 django/poll_site/lib/python3.4/site-packages/setuptools/__init__.py
 create mode 100644 django/poll_site/lib/python3.4/site-packages/setuptools/archive_util.py
 create mode 100644 django/poll_site/lib/python3.4/site-packages/setuptools/command/__init__.py
 create mode 100644 django/poll_site/lib/python3.4/site-packages/setuptools/command/alias.py
 create mode 100644 django/poll_site/lib/python3.4/site-packages/setuptools/command/bdist_egg.py
 create mode 100644 django/poll_site/lib/python3.4/site-packages/setuptools/command/bdist_rpm.py
 create mode 100644 django/poll_site/lib/python3.4/site-packages/setuptools/command/bdist_wininst.py
 create mode 100644 django/poll_site/lib/python3.4/site-packages/setuptools/command/build_ext.py
 create mode 100644 django/poll_site/lib/python3.4/site-packages/setuptools/command/build_py.py
 create mode 100644 django/poll_site/lib/python3.4/site-packages/setuptools/command/develop.py
 create mode 100644 django/poll_site/lib/python3.4/site-packages/setuptools/command/easy_install.py
 create mode 100644 django/poll_site/lib/python3.4/site-packages/setuptools/command/egg_info.py
 create mode 100644 django/poll_site/lib/python3.4/site-packages/setuptools/command/install.py
 create mode 100644 django/poll_site/lib/python3.4/site-packages/setuptools/command/install_egg_info.py
 create mode 100644 django/poll_site/lib/python3.4/site-packages/setuptools/command/install_lib.py
 create mode 100644 django/poll_site/lib/python3.4/site-packages/setuptools/command/install_scripts.py
 create mode 100644 django/poll_site/lib/python3.4/site-packages/setuptools/command/register.py
 create mode 100644 django/poll_site/lib/python3.4/site-packages/setuptools/command/rotate.py
 create mode 100644 django/poll_site/lib/python3.4/site-packages/setuptools/command/saveopts.py
 create mode 100644 django/poll_site/lib/python3.4/site-packages/setuptools/command/sdist.py
 create mode 100644 django/poll_site/lib/python3.4/site-packages/setuptools/command/setopt.py
 create mode 100644 django/poll_site/lib/python3.4/site-packages/setuptools/command/test.py
 create mode 100644 django/poll_site/lib/python3.4/site-packages/setuptools/command/upload_docs.py
 create mode 100644 django/poll_site/lib/python3.4/site-packages/setuptools/compat.py
 create mode 100644 django/poll_site/lib/python3.4/site-packages/setuptools/depends.py
 create mode 100644 django/poll_site/lib/python3.4/site-packages/setuptools/dist.py
 create mode 100644 django/poll_site/lib/python3.4/site-packages/setuptools/extension.py
 create mode 100644 django/poll_site/lib/python3.4/site-packages/setuptools/lib2to3_ex.py
 create mode 100644 django/poll_site/lib/python3.4/site-packages/setuptools/package_index.py
 create mode 100644 django/poll_site/lib/python3.4/site-packages/setuptools/py26compat.py
 create mode 100644 django/poll_site/lib/python3.4/site-packages/setuptools/py27compat.py
 create mode 100644 django/poll_site/lib/python3.4/site-packages/setuptools/py31compat.py
 create mode 100644 django/poll_site/lib/python3.4/site-packages/setuptools/sandbox.py
 create mode 100644 django/poll_site/lib/python3.4/site-packages/setuptools/script template (dev).py
 create mode 100644 django/poll_site/lib/python3.4/site-packages/setuptools/script template.py
 create mode 100644 django/poll_site/lib/python3.4/site-packages/setuptools/site-patch.py
 create mode 100644 django/poll_site/lib/python3.4/site-packages/setuptools/ssl_support.py
 create mode 100644 django/poll_site/lib/python3.4/site-packages/setuptools/svn_utils.py
 create mode 100644 django/poll_site/lib/python3.4/site-packages/setuptools/tests/__init__.py
 create mode 100644 django/poll_site/lib/python3.4/site-packages/setuptools/tests/doctest.py
 create mode 100644 django/poll_site/lib/python3.4/site-packages/setuptools/tests/environment.py
 create mode 100644 django/poll_site/lib/python3.4/site-packages/setuptools/tests/py26compat.py
 create mode 100644 django/poll_site/lib/python3.4/site-packages/setuptools/tests/script-with-bom.py
 create mode 100644 django/poll_site/lib/python3.4/site-packages/setuptools/tests/server.py
 create mode 100644 django/poll_site/lib/python3.4/site-packages/setuptools/tests/test_bdist_egg.py
 create mode 100644 django/poll_site/lib/python3.4/site-packages/setuptools/tests/test_build_ext.py
 create mode 100644 django/poll_site/lib/python3.4/site-packages/setuptools/tests/test_develop.py
 create mode 100644 django/poll_site/lib/python3.4/site-packages/setuptools/tests/test_dist_info.py
 create mode 100644 django/poll_site/lib/python3.4/site-packages/setuptools/tests/test_easy_install.py
 create mode 100644 django/poll_site/lib/python3.4/site-packages/setuptools/tests/test_egg_info.py
 create mode 100644 django/poll_site/lib/python3.4/site-packages/setuptools/tests/test_find_packages.py
 create mode 100644 django/poll_site/lib/python3.4/site-packages/setuptools/tests/test_markerlib.py
 create mode 100644 django/poll_site/lib/python3.4/site-packages/setuptools/tests/test_packageindex.py
 create mode 100644 django/poll_site/lib/python3.4/site-packages/setuptools/tests/test_resources.py
 create mode 100644 django/poll_site/lib/python3.4/site-packages/setuptools/tests/test_sandbox.py
 create mode 100644 django/poll_site/lib/python3.4/site-packages/setuptools/tests/test_sdist.py
 create mode 100644 django/poll_site/lib/python3.4/site-packages/setuptools/tests/test_svn.py
 create mode 100644 django/poll_site/lib/python3.4/site-packages/setuptools/tests/test_test.py
 create mode 100644 django/poll_site/lib/python3.4/site-packages/setuptools/tests/test_upload_docs.py
 create mode 100644 django/poll_site/lib/python3.4/site-packages/setuptools/version.py
 create mode 120000 django/poll_site/lib64
 create mode 100644 django/poll_site/pyvenv.cfg
 create mode 100644 django/pollproject/db.sqlite3
 create mode 100755 django/pollproject/manage.py
 create mode 100644 django/pollproject/poll_site/__init__.py
 create mode 100644 django/pollproject/poll_site/admin.py
 create mode 100644 django/pollproject/poll_site/apps.py
 create mode 100644 django/pollproject/poll_site/migrations/__init__.py
 create mode 100644 django/pollproject/poll_site/models.py
 create mode 100644 django/pollproject/poll_site/static/poll_site/stars.jpg
 create mode 100644 django/pollproject/poll_site/static/poll_site/style.css
 create mode 100644 django/pollproject/poll_site/templates/poll_site/index.html
 create mode 100644 django/pollproject/poll_site/tests.py
 create mode 100644 django/pollproject/poll_site/views.py
 create mode 100644 django/pollproject/pollsite/__init__.py
 create mode 100644 django/pollproject/pollsite/settings.py
 create mode 100644 django/pollproject/pollsite/urls.py
 create mode 100644 django/pollproject/pollsite/wsgi.py
 create mode 100644 django/readme.txt
 create mode 100644 django/terminal_dump_from_1st_django_setup
shawnwaldow@shawnwaldow-K53E:~/Documents/CodeSchool/Week1$ ls
angry_dice          morse_code
animate.py          mud.py
aranya_game         oo_link_list.py
beat.py             oo_mud
casino              oop_phonebook.py
dice_changeable.py  phonebook.py
die.py              phonebook.txt
django              Pi - 10 Million Digits pi.Karmona.com.html
fib-schorcher.py    practice.py
forum               price_list
hangperson.py       __pycache__
Hanoi.py            recursive_search.py
hello_world.py      screen_printer.py
herbs.py            searches.py
HTML_Practice       sortededed.py
index.html          sort.py
javapic             tiffanys_insertion_sort.py
madlib.py           tobeornottobe.py
monster
shawnwaldow@shawnwaldow-K53E:~/Documents/CodeSchool/Week1$ cd Django
bash: cd: Django: No such file or directory
shawnwaldow@shawnwaldow-K53E:~/Documents/CodeSchool/Week1$ ls
angry_dice          morse_code
animate.py          mud.py
aranya_game         oo_link_list.py
beat.py             oo_mud
casino              oop_phonebook.py
dice_changeable.py  phonebook.py
die.py              phonebook.txt
django              Pi - 10 Million Digits pi.Karmona.com.html
fib-schorcher.py    practice.py
forum               price_list
hangperson.py       __pycache__
Hanoi.py            recursive_search.py
hello_world.py      screen_printer.py
herbs.py            searches.py
HTML_Practice       sortededed.py
index.html          sort.py
javapic             tiffanys_insertion_sort.py
madlib.py           tobeornottobe.py
monster
shawnwaldow@shawnwaldow-K53E:~/Documents/CodeSchool/Week1$ cd django
shawnwaldow@shawnwaldow-K53E:~/Documents/CodeSchool/Week1/django$ ls
aproject     poll_site   terminal_dump_from_1st_django_setup
pollproject  readme.txt
shawnwaldow@shawnwaldow-K53E:~/Documents/CodeSchool/Week1/django$ ls poll_site
bin  include  lib  lib64  poll_project  pyvenv.cfg
shawnwaldow@shawnwaldow-K53E:~/Documents/CodeSchool/Week1/django$ source poll_site/bin/activate
(poll_site) shawnwaldow@shawnwaldow-K53E:~/Documents/CodeSchool/Week1/django$ python3 manage runserver
python3: can't open file 'manage': [Errno 2] No such file or directory
(poll_site) shawnwaldow@shawnwaldow-K53E:~/Documents/CodeSchool/Week1/django$ ls
aproject  pollproject  poll_site  readme.txt  terminal_dump_from_1st_django_setup
(poll_site) shawnwaldow@shawnwaldow-K53E:~/Documents/CodeSchool/Week1/django$ ls poll_site
bin  include  lib  lib64  poll_project  pyvenv.cfg
(poll_site) shawnwaldow@shawnwaldow-K53E:~/Documents/CodeSchool/Week1/django$ ls pollsite
ls: cannot access pollsite: No such file or directory
(poll_site) shawnwaldow@shawnwaldow-K53E:~/Documents/CodeSchool/Week1/django$ ls
aproject  pollproject  poll_site  readme.txt  terminal_dump_from_1st_django_setup
(poll_site) shawnwaldow@shawnwaldow-K53E:~/Documents/CodeSchool/Week1/django$ ls pollproject
db.sqlite3  manage.py  pollsite  poll_site
(poll_site) shawnwaldow@shawnwaldow-K53E:~/Documents/CodeSchool/Week1/django$ cd pollproject
(poll_site) shawnwaldow@shawnwaldow-K53E:~/Documents/CodeSchool/Week1/django/pollproject$ python3 manage.py runserver
Performing system checks...

System check identified no issues (0 silenced).

You have unapplied migrations; your app may not work properly until they are applied.
Run 'python manage.py migrate' to apply them.

March 09, 2016 - 18:53:22
Django version 1.9, using settings 'pollsite.settings'
Starting development server at http://127.0.0.1:8000/
Quit the server with CONTROL-C.
[09/Mar/2016 18:53:37] "GET / HTTP/1.1" 200 414
[09/Mar/2016 18:53:37] "GET /static/poll_site/style.css HTTP/1.1" 304 0
[09/Mar/2016 18:53:37] "GET /static/poll_site/stars.jpg HTTP/1.1" 304 0
Not Found: /favicon.ico
[09/Mar/2016 18:53:38] "GET /favicon.ico HTTP/1.1" 404 2040



Successfully installed django
Cleaning up...
(poll_site) shawnwaldow@shawnwaldow-K53E:~/Documents/CodeSchool/Week1/django$ pip3 install django==1.9
Requirement already satisfied (use --upgrade to upgrade): django==1.9 in ./poll_site/lib/python3.4/site-packages
Cleaning up...
(poll_site) shawnwaldow@shawnwaldow-K53E:~/Documents/CodeSchool/Week1/django$ which django-admin
/home/shawnwaldow/Documents/CodeSchool/Week1/django/poll_site/bin/django-admin
(poll_site) shawnwaldow@shawnwaldow-K53E:~/Documents/CodeSchool/Week1/django$ mkdir aproject
(poll_site) shawnwaldow@shawnwaldow-K53E:~/Documents/CodeSchool/Week1/django$ ls
aproject  poll_site
(poll_site) shawnwaldow@shawnwaldow-K53E:~/Documents/CodeSchool/Week1/django$ mkdir /poll_site/poll_project
mkdir: cannot create directory ‘/poll_site/poll_project’: No such file or directory
(poll_site) shawnwaldow@shawnwaldow-K53E:~/Documents/CodeSchool/Week1/django$ mkdir ./poll_site/poll_project
(poll_site) shawnwaldow@shawnwaldow-K53E:~/Documents/CodeSchool/Week1/django$ django-admin startproject .
CommandError: '.' is not a valid project name. Please make sure the name begins with a letter or underscore.
(poll_site) shawnwaldow@shawnwaldow-K53E:~/Documents/CodeSchool/Week1/django$ cd poll_site
(poll_site) shawnwaldow@shawnwaldow-K53E:~/Documents/CodeSchool/Week1/django/poll_site$ django-admin startproject pollsite .
(poll_site) shawnwaldow@shawnwaldow-K53E:~/Documents/CodeSchool/Week1/django/poll_site$ ls
bin  include  lib  lib64  manage.py  poll_project  pollsite  pyvenv.cfg
(poll_site) shawnwaldow@shawnwaldow-K53E:~/Documents/CodeSchool/Week1/django/poll_site$ cd ..
(poll_site) shawnwaldow@shawnwaldow-K53E:~/Documents/CodeSchool/Week1/django$ mkir pollproject
No command 'mkir' found, did you mean:
 Command 'mdir' from package 'mtools' (main)
 Command 'mkid' from package 'id-utils' (universe)
 Command 'mkdir' from package 'coreutils' (main)
mkir: command not found
(poll_site) shawnwaldow@shawnwaldow-K53E:~/Documents/CodeSchool/Week1/django$ mkdir pollproject
(poll_site) shawnwaldow@shawnwaldow-K53E:~/Documents/CodeSchool/Week1/django$ ls
aproject  pollproject  poll_site
(poll_site) shawnwaldow@shawnwaldow-K53E:~/Documents/CodeSchool/Week1/django$ cd poll_site/
(poll_site) shawnwaldow@shawnwaldow-K53E:~/Documents/CodeSchool/Week1/django/poll_site$ ls
bin  include  lib  lib64  manage.py  poll_project  pollsite  pyvenv.cfg
(poll_site) shawnwaldow@shawnwaldow-K53E:~/Documents/CodeSchool/Week1/django/poll_site$ python3 manage.py startapp poll_site^C
(poll_site) shawnwaldow@shawnwaldow-K53E:~/Documents/CodeSchool/Week1/django/poll_site$ ls
bin  include  lib  lib64  poll_project  pyvenv.cfg
(poll_site) shawnwaldow@shawnwaldow-K53E:~/Documents/CodeSchool/Week1/django/poll_site$ cd ..
(poll_site) shawnwaldow@shawnwaldow-K53E:~/Documents/CodeSchool/Week1/django$ ls
aproject  pollproject  poll_site  readme.txt
(poll_site) shawnwaldow@shawnwaldow-K53E:~/Documents/CodeSchool/Week1/django$ cd pollproject
(poll_site) shawnwaldow@shawnwaldow-K53E:~/Documents/CodeSchool/Week1/django/pollproject$ python3 manage.py startapp poll_site
(poll_site) shawnwaldow@shawnwaldow-K53E:~/Documents/CodeSchool/Week1/django/pollproject$ python manage.py runserver
Performing system checks...

System check identified no issues (0 silenced).

You have unapplied migrations; your app may not work properly until they are applied.
Run 'python manage.py migrate' to apply them.

March 08, 2016 - 20:06:53
Django version 1.9, using settings 'pollsite.settings'
Starting development server at http://127.0.0.1:8000/
Quit the server with CONTROL-C.
Not Found: /
[08/Mar/2016 20:10:18] "GET / HTTP/1.1" 200 1767
Not Found: /favicon.ico
[08/Mar/2016 20:10:19] "GET /favicon.ico HTTP/1.1" 404 1938
Not Found: /favicon.ico
[08/Mar/2016 20:10:19] "GET /favicon.ico HTTP/1.1" 404 1938
Not Found: /
[08/Mar/2016 21:25:17] "GET / HTTP/1.1" 200 1767
^C(poll_site) shawnwaldow@shawnwaldow-K53E:~/Documents/CodeSchool/Week1/django/pollproject$ git status
On branch django
Untracked files:
  (use "git add <file>..." to include in what will be committed)

	../

nothing added to commit but untracked files present (use "git add" to track)
(poll_site) shawnwaldow@shawnwaldow-K53E:~/Documents/CodeSchool/Week1/django/pollproject$ python manage.py runserver
Performing system checks...

System check identified no issues (0 silenced).

You have unapplied migrations; your app may not work properly until they are applied.
Run 'python manage.py migrate' to apply them.

March 08, 2016 - 22:12:37
Django version 1.9, using settings 'pollsite.settings'
Starting development server at http://127.0.0.1:8000/
Quit the server with CONTROL-C.
[08/Mar/2016 22:13:43] "GET / HTTP/1.1" 200 12




NOW ANOTHER SESSION

shawnwaldow@shawnwaldow-K53E:~$ psql
psql: FATAL:  database "shawnwaldow" does not exist
shawnwaldow@shawnwaldow-K53E:~$ psql -D poll_db
/usr/lib/postgresql/9.3/bin/psql: invalid option -- 'D'
Try "psql --help" for more information.
shawnwaldow@shawnwaldow-K53E:~$ psql -d poll_db
psql (9.3.11)
Type "help" for help.

poll_db=> \l
poll_db=> \d
poll_db=> \d
poll_db=> SELECT * FROM poll_site_choice;
 id |  choice_text  | votes | question_id_id 
----+---------------+-------+----------------
  1 | JFK           |     0 |              1
  2 | Peter Gabriel |     0 |              1
  3 | Kurt Vonnegut |     0 |              1
(3 rows)

poll_db=> 
